Info: Starting: Create block symbol file (.bsf)
Info: ip-generate --project-directory=C:/Prob1/ --output-directory=C:/Prob1/problema1/ --report-file=bsf:C:/Prob1/problema1.bsf --system-info=DEVICE_FAMILY="Cyclone IV E" --system-info=DEVICE=EP4CE30F23C7 --system-info=DEVICE_SPEEDGRADE=7 --component-file=C:/Prob1/problema1.qsys
Progress: Loading Prob1/problema1.qsys
Progress: Reading input file
Progress: Adding clk_0 [clock_source 13.1]
Progress: Parameterizing module clk_0
Progress: Adding processor [altera_nios2_qsys 13.1]
Progress: Parameterizing module processor
Progress: Adding memory [altera_avalon_onchip_memory2 13.1]
Progress: Parameterizing module memory
Progress: Adding jtag [altera_avalon_jtag_uart 13.1]
Progress: Parameterizing module jtag
Progress: Adding buttons [altera_avalon_pio 13.1]
Progress: Parameterizing module buttons
Progress: Adding leds [altera_avalon_pio 13.1]
Progress: Parameterizing module leds
Progress: Building connections
Progress: Parameterizing connections
Progress: Validating
Progress: Done reading input file
Info: problema1.buttons: PIO inputs are not hardwired in test bench. Undefined values will be read from PIO inputs during simulation.
Info: ip-generate succeeded.
Info: Finished: Create block symbol file (.bsf)
Info: 
Info: Starting: Create HDL design files for synthesis
Info: ip-generate --project-directory=C:/Prob1/ --output-directory=C:/Prob1/problema1/synthesis/ --file-set=QUARTUS_SYNTH --report-file=html:C:/Prob1/problema1.html --report-file=sopcinfo:C:/Prob1/problema1.sopcinfo --report-file=cmp:C:/Prob1/problema1.cmp --report-file=qip:C:/Prob1/problema1/synthesis/problema1.qip --report-file=svd --report-file=regmap:C:/Prob1/problema1/synthesis/problema1.regmap --report-file=debuginfo:C:/Prob1/problema1/synthesis/problema1.debuginfo --system-info=DEVICE_FAMILY="Cyclone IV E" --system-info=DEVICE=EP4CE30F23C7 --system-info=DEVICE_SPEEDGRADE=7 --component-file=C:/Prob1/problema1.qsys --language=VERILOG
Progress: Loading Prob1/problema1.qsys
Progress: Reading input file
Progress: Adding clk_0 [clock_source 13.1]
Progress: Parameterizing module clk_0
Progress: Adding processor [altera_nios2_qsys 13.1]
Progress: Parameterizing module processor
Progress: Adding memory [altera_avalon_onchip_memory2 13.1]
Progress: Parameterizing module memory
Progress: Adding jtag [altera_avalon_jtag_uart 13.1]
Progress: Parameterizing module jtag
Progress: Adding buttons [altera_avalon_pio 13.1]
Progress: Parameterizing module buttons
Progress: Adding leds [altera_avalon_pio 13.1]
Progress: Parameterizing module leds
Progress: Building connections
Progress: Parameterizing connections
Progress: Validating
Progress: Done reading input file
Info: problema1.buttons: PIO inputs are not hardwired in test bench. Undefined values will be read from PIO inputs during simulation.
Info: problema1: Generating problema1 "problema1" for QUARTUS_SYNTH
Info: pipeline_bridge_swap_transform: After transform: 6 modules, 21 connections
Info: No custom instruction connections, skipping transform 
Info: merlin_initial_interconnect_transform: After transform: 6 modules, 20 connections
Info: merlin_translator_transform: After transform: 13 modules, 41 connections
Info: merlin_domain_transform: After transform: 26 modules, 105 connections
Info: merlin_router_transform: After transform: 33 modules, 126 connections
Info: merlin_network_to_switch_transform: After transform: 46 modules, 160 connections
Info: merlin_clock_and_reset_bridge_transform: After transform: 48 modules, 207 connections
Info: merlin_hierarchy_transform: After transform: 7 modules, 20 connections
Info: merlin_mm_transform: After transform: 7 modules, 20 connections
Info: merlin_interrupt_mapper_transform: After transform: 8 modules, 23 connections
Info: reset_adaptation_transform: After transform: 10 modules, 31 connections
Info: processor: Starting RTL generation for module 'problema1_processor'
Info: processor:   Generation command is [exec C:/altera/13.1/quartus/bin/eperlcmd.exe -I C:/altera/13.1/quartus/bin/perl/lib -I C:/altera/13.1/quartus/sopc_builder/bin/europa -I C:/altera/13.1/quartus/sopc_builder/bin/perl_lib -I C:/altera/13.1/quartus/sopc_builder/bin -I C:/altera/13.1/quartus/../ip/altera/nios2_ip/altera_nios2/cpu_lib -I C:/altera/13.1/quartus/../ip/altera/nios2_ip/altera_nios2/nios_lib -I C:/altera/13.1/quartus/../ip/altera/nios2_ip/altera_nios2 -I C:/altera/13.1/quartus/../ip/altera/nios2_ip/altera_nios2 -- C:/altera/13.1/quartus/../ip/altera/nios2_ip/altera_nios2/generate_rtl.epl --name=problema1_processor --dir=C:/Users/csacl/AppData/Local/Temp/alt7996_5668253557194993598.dir/0024_processor_gen/ --quartus_dir=C:/altera/13.1/quartus --verilog --config=C:/Users/csacl/AppData/Local/Temp/alt7996_5668253557194993598.dir/0024_processor_gen//problema1_processor_processor_configuration.pl  --do_build_sim=0  ]
Info: processor: # 2019.04.10 10:21:34 (*) Starting Nios II generation
Info: processor: # 2019.04.10 10:21:34 (*)   Checking for plaintext license.
Info: processor: # 2019.04.10 10:21:36 (*)   Couldn't query license setup in Quartus directory C:/altera/13.1/quartus
Info: processor: # 2019.04.10 10:21:36 (*)   Defaulting to contents of LM_LICENSE_FILE environment variable
Info: processor: # 2019.04.10 10:21:36 (*)   LM_LICENSE_FILE environment variable is empty
Info: processor: # 2019.04.10 10:21:36 (*)   Plaintext license not found.
Info: processor: # 2019.04.10 10:21:36 (*)   No license required to generate encrypted Nios II/e.
Info: processor: # 2019.04.10 10:21:36 (*)   Elaborating CPU configuration settings
Info: processor: # 2019.04.10 10:21:36 (*)   Creating all objects for CPU
Info: processor: # 2019.04.10 10:21:37 (*)   Generating RTL from CPU objects
Info: processor: # 2019.04.10 10:21:37 (*)   Creating plain-text RTL
Info: processor: # 2019.04.10 10:21:39 (*) Done Nios II generation
Info: processor: Done RTL generation for module 'problema1_processor'
Info: processor: "problema1" instantiated altera_nios2_qsys "processor"
Info: memory: Starting RTL generation for module 'problema1_memory'
Info: memory:   Generation command is [exec C:/altera/13.1/quartus/bin/perl/bin/perl.exe -I C:/altera/13.1/quartus/bin/perl/lib -I C:/altera/13.1/quartus/sopc_builder/bin/europa -I C:/altera/13.1/quartus/sopc_builder/bin/perl_lib -I C:/altera/13.1/quartus/sopc_builder/bin -I C:/altera/13.1/quartus/../ip/altera/sopc_builder_ip/common -I C:/altera/13.1/quartus/../ip/altera/sopc_builder_ip/altera_avalon_onchip_memory2 -- C:/altera/13.1/quartus/../ip/altera/sopc_builder_ip/altera_avalon_onchip_memory2/generate_rtl.pl --name=problema1_memory --dir=C:/Users/csacl/AppData/Local/Temp/alt7996_5668253557194993598.dir/0025_memory_gen/ --quartus_dir=C:/altera/13.1/quartus --verilog --config=C:/Users/csacl/AppData/Local/Temp/alt7996_5668253557194993598.dir/0025_memory_gen//problema1_memory_component_configuration.pl  --do_build_sim=0  ]
Info: memory: Done RTL generation for module 'problema1_memory'
Info: memory: "problema1" instantiated altera_avalon_onchip_memory2 "memory"
Info: jtag: Starting RTL generation for module 'problema1_jtag'
Info: jtag:   Generation command is [exec C:/altera/13.1/quartus/bin/perl/bin/perl.exe -I C:/altera/13.1/quartus/bin/perl/lib -I C:/altera/13.1/quartus/sopc_builder/bin/europa -I C:/altera/13.1/quartus/sopc_builder/bin/perl_lib -I C:/altera/13.1/quartus/sopc_builder/bin -I C:/altera/13.1/quartus/../ip/altera/sopc_builder_ip/common -I C:/altera/13.1/quartus/../ip/altera/sopc_builder_ip/altera_avalon_jtag_uart -- C:/altera/13.1/quartus/../ip/altera/sopc_builder_ip/altera_avalon_jtag_uart/generate_rtl.pl --name=problema1_jtag --dir=C:/Users/csacl/AppData/Local/Temp/alt7996_5668253557194993598.dir/0026_jtag_gen/ --quartus_dir=C:/altera/13.1/quartus --verilog --config=C:/Users/csacl/AppData/Local/Temp/alt7996_5668253557194993598.dir/0026_jtag_gen//problema1_jtag_component_configuration.pl  --do_build_sim=0  ]
Info: jtag: Done RTL generation for module 'problema1_jtag'
Info: jtag: "problema1" instantiated altera_avalon_jtag_uart "jtag"
Info: buttons: Starting RTL generation for module 'problema1_buttons'
Info: buttons:   Generation command is [exec C:/altera/13.1/quartus/bin/perl/bin/perl.exe -I C:/altera/13.1/quartus/bin/perl/lib -I C:/altera/13.1/quartus/sopc_builder/bin/europa -I C:/altera/13.1/quartus/sopc_builder/bin/perl_lib -I C:/altera/13.1/quartus/sopc_builder/bin -I C:/altera/13.1/quartus/../ip/altera/sopc_builder_ip/common -I C:/altera/13.1/quartus/../ip/altera/sopc_builder_ip/altera_avalon_pio -- C:/altera/13.1/quartus/../ip/altera/sopc_builder_ip/altera_avalon_pio/generate_rtl.pl --name=problema1_buttons --dir=C:/Users/csacl/AppData/Local/Temp/alt7996_5668253557194993598.dir/0027_buttons_gen/ --quartus_dir=C:/altera/13.1/quartus --verilog --config=C:/Users/csacl/AppData/Local/Temp/alt7996_5668253557194993598.dir/0027_buttons_gen//problema1_buttons_component_configuration.pl  --do_build_sim=0  ]
Info: buttons: Done RTL generation for module 'problema1_buttons'
Info: buttons: "problema1" instantiated altera_avalon_pio "buttons"
Info: leds: Starting RTL generation for module 'problema1_leds'
Info: leds:   Generation command is [exec C:/altera/13.1/quartus/bin/perl/bin/perl.exe -I C:/altera/13.1/quartus/bin/perl/lib -I C:/altera/13.1/quartus/sopc_builder/bin/europa -I C:/altera/13.1/quartus/sopc_builder/bin/perl_lib -I C:/altera/13.1/quartus/sopc_builder/bin -I C:/altera/13.1/quartus/../ip/altera/sopc_builder_ip/common -I C:/altera/13.1/quartus/../ip/altera/sopc_builder_ip/altera_avalon_pio -- C:/altera/13.1/quartus/../ip/altera/sopc_builder_ip/altera_avalon_pio/generate_rtl.pl --name=problema1_leds --dir=C:/Users/csacl/AppData/Local/Temp/alt7996_5668253557194993598.dir/0028_leds_gen/ --quartus_dir=C:/altera/13.1/quartus --verilog --config=C:/Users/csacl/AppData/Local/Temp/alt7996_5668253557194993598.dir/0028_leds_gen//problema1_leds_component_configuration.pl  --do_build_sim=0  ]
Info: leds: Done RTL generation for module 'problema1_leds'
Info: leds: "problema1" instantiated altera_avalon_pio "leds"
Info: pipeline_bridge_swap_transform: After transform: 42 modules, 144 connections
Info: No custom instruction connections, skipping transform 
Info: merlin_initial_interconnect_transform: After transform: 0 modules, 0 connections
Info: No Avalon connections, skipping transform 
Info: merlin_hierarchy_transform: After transform: 42 modules, 144 connections
Info: merlin_initial_interconnect_transform: After transform: 0 modules, 0 connections
Info: No Avalon connections, skipping transform 
Info: merlin_hierarchy_transform: After transform: 42 modules, 144 connections
Info: merlin_initial_interconnect_transform: After transform: 0 modules, 0 connections
Info: No Avalon connections, skipping transform 
Info: merlin_hierarchy_transform: After transform: 42 modules, 144 connections
Info: merlin_initial_interconnect_transform: After transform: 0 modules, 0 connections
Info: No Avalon connections, skipping transform 
Info: merlin_hierarchy_transform: After transform: 42 modules, 144 connections
Info: merlin_initial_interconnect_transform: After transform: 0 modules, 0 connections
Info: No Avalon connections, skipping transform 
Info: merlin_hierarchy_transform: After transform: 42 modules, 144 connections
Info: merlin_initial_interconnect_transform: After transform: 0 modules, 0 connections
Info: No Avalon connections, skipping transform 
Info: merlin_hierarchy_transform: After transform: 42 modules, 144 connections
Info: merlin_initial_interconnect_transform: After transform: 0 modules, 0 connections
Info: No Avalon connections, skipping transform 
Info: merlin_hierarchy_transform: After transform: 42 modules, 144 connections
Info: mm_interconnect_0: "problema1" instantiated altera_merlin_interconnect_wrapper "mm_interconnect_0"
Info: irq_mapper: "problema1" instantiated altera_irq_mapper "irq_mapper"
Info: rst_controller: "problema1" instantiated altera_reset_controller "rst_controller"
Info: processor_instruction_master_translator: "mm_interconnect_0" instantiated altera_merlin_master_translator "processor_instruction_master_translator"
Info: processor_jtag_debug_module_translator: "mm_interconnect_0" instantiated altera_merlin_slave_translator "processor_jtag_debug_module_translator"
Info: processor_instruction_master_translator_avalon_universal_master_0_agent: "mm_interconnect_0" instantiated altera_merlin_master_agent "processor_instruction_master_translator_avalon_universal_master_0_agent"
Info: processor_jtag_debug_module_translator_avalon_universal_slave_0_agent: "mm_interconnect_0" instantiated altera_merlin_slave_agent "processor_jtag_debug_module_translator_avalon_universal_slave_0_agent"
Info: processor_jtag_debug_module_translator_avalon_universal_slave_0_agent_rsp_fifo: "mm_interconnect_0" instantiated altera_avalon_sc_fifo "processor_jtag_debug_module_translator_avalon_universal_slave_0_agent_rsp_fifo"
Info: addr_router: "mm_interconnect_0" instantiated altera_merlin_router "addr_router"
Info: id_router: "mm_interconnect_0" instantiated altera_merlin_router "id_router"
Info: cmd_xbar_demux: "mm_interconnect_0" instantiated altera_merlin_demultiplexer "cmd_xbar_demux"
Info: cmd_xbar_mux: "mm_interconnect_0" instantiated altera_merlin_multiplexer "cmd_xbar_mux"
Info: rsp_xbar_demux: "mm_interconnect_0" instantiated altera_merlin_demultiplexer "rsp_xbar_demux"
Info: rsp_xbar_mux: "mm_interconnect_0" instantiated altera_merlin_multiplexer "rsp_xbar_mux"
Info: Reusing file C:/Prob1/problema1/synthesis/submodules/altera_merlin_arbitrator.sv
Info: problema1: Done "problema1" with 20 modules, 34 files, 785638 bytes
Info: ip-generate succeeded.
Info: Finished: Create HDL design files for synthesis
