Flow report for problema1
Sat Sep 14 03:47:36 2019
Quartus II 64-Bit Version 13.1.0 Build 162 10/23/2013 SJ Web Edition


---------------------
; Table of Contents ;
---------------------
  1. Legal Notice
  2. Flow Summary
  3. Flow Settings
  4. Flow Non-Default Global Settings
  5. Flow Elapsed Time
  6. Flow OS Summary
  7. Flow Log
  8. Flow Messages
  9. Flow Suppressed Messages



----------------
; Legal Notice ;
----------------
Copyright (C) 1991-2013 Altera Corporation
Your use of Altera Corporation's design tools, logic functions 
and other software and tools, and its AMPP partner logic 
functions, and any output files from any of the foregoing 
(including device programming or simulation files), and any 
associated documentation or information are expressly subject 
to the terms and conditions of the Altera Program License 
Subscription Agreement, Altera MegaCore Function License 
Agreement, or other applicable license agreement, including, 
without limitation, that your use is for the sole purpose of 
programming logic devices manufactured by Altera and sold by 
Altera or its authorized distributors.  Please refer to the 
applicable agreement for further details.



+---------------------------------------------------------------------------------+
; Flow Summary                                                                    ;
+------------------------------------+--------------------------------------------+
; Flow Status                        ; Successful - Sat Sep 14 03:47:20 2019      ;
; Quartus II 64-Bit Version          ; 13.1.0 Build 162 10/23/2013 SJ Web Edition ;
; Revision Name                      ; problema1                                  ;
; Top-level Entity Name              ; TopLevel                                   ;
; Family                             ; Cyclone IV E                               ;
; Device                             ; EP4CE30F23C7                               ;
; Timing Models                      ; Final                                      ;
; Total logic elements               ; 2,569 / 28,848 ( 9 % )                     ;
;     Total combinational functions  ; 2,406 / 28,848 ( 8 % )                     ;
;     Dedicated logic registers      ; 1,337 / 28,848 ( 5 % )                     ;
; Total registers                    ; 1337                                       ;
; Total pins                         ; 39 / 329 ( 12 % )                          ;
; Total virtual pins                 ; 0                                          ;
; Total memory bits                  ; 44,032 / 608,256 ( 7 % )                   ;
; Embedded Multiplier 9-bit elements ; 0 / 132 ( 0 % )                            ;
; Total PLLs                         ; 0 / 4 ( 0 % )                              ;
+------------------------------------+--------------------------------------------+


+-----------------------------------------+
; Flow Settings                           ;
+-------------------+---------------------+
; Option            ; Setting             ;
+-------------------+---------------------+
; Start date & time ; 09/14/2019 03:46:10 ;
; Main task         ; Compilation         ;
; Revision Name     ; problema1           ;
+-------------------+---------------------+


+-----------------------------------------------------------------------------------------------------------------------------------------------------------------------------------------------+
; Flow Non-Default Global Settings                                                                                                                                                              ;
+-------------------------------------+-------------------------------------------------------------+---------------+--------------------------------------------------------------+------------+
; Assignment Name                     ; Value                                                       ; Default Value ; Entity Name                                                  ; Section Id ;
+-------------------------------------+-------------------------------------------------------------+---------------+--------------------------------------------------------------+------------+
; COMPILER_SIGNATURE_ID               ; 31032330819179.156844356908500                              ; --            ; --                                                           ; --         ;
; IP_TOOL_ENV                         ; Qsys                                                        ; --            ; altera_avalon_sc_fifo                                        ; --         ;
; IP_TOOL_ENV                         ; Qsys                                                        ; --            ; altera_customins_master_translator                           ; --         ;
; IP_TOOL_ENV                         ; Qsys                                                        ; --            ; altera_customins_slave_translator                            ; --         ;
; IP_TOOL_ENV                         ; Qsys                                                        ; --            ; altera_merlin_master_agent                                   ; --         ;
; IP_TOOL_ENV                         ; Qsys                                                        ; --            ; altera_merlin_master_translator                              ; --         ;
; IP_TOOL_ENV                         ; Qsys                                                        ; --            ; altera_merlin_slave_agent                                    ; --         ;
; IP_TOOL_ENV                         ; Qsys                                                        ; --            ; altera_merlin_slave_translator                               ; --         ;
; IP_TOOL_ENV                         ; Qsys                                                        ; --            ; altera_reset_controller                                      ; --         ;
; IP_TOOL_ENV                         ; Qsys                                                        ; --            ; --                                                           ; --         ;
; IP_TOOL_ENV                         ; Qsys                                                        ; --            ; problema1_AD0                                                ; --         ;
; IP_TOOL_ENV                         ; Qsys                                                        ; --            ; problema1_YPlayer1                                           ; --         ;
; IP_TOOL_ENV                         ; Qsys                                                        ; --            ; problema1_button                                             ; --         ;
; IP_TOOL_ENV                         ; Qsys                                                        ; --            ; problema1_endframe                                           ; --         ;
; IP_TOOL_ENV                         ; Qsys                                                        ; --            ; problema1_irq_mapper                                         ; --         ;
; IP_TOOL_ENV                         ; Qsys                                                        ; --            ; problema1_jtag                                               ; --         ;
; IP_TOOL_ENV                         ; Qsys                                                        ; --            ; problema1_memory                                             ; --         ;
; IP_TOOL_ENV                         ; Qsys                                                        ; --            ; problema1_mm_interconnect_0                                  ; --         ;
; IP_TOOL_ENV                         ; Qsys                                                        ; --            ; problema1_mm_interconnect_0_addr_router                      ; --         ;
; IP_TOOL_ENV                         ; Qsys                                                        ; --            ; problema1_mm_interconnect_0_cmd_xbar_demux                   ; --         ;
; IP_TOOL_ENV                         ; Qsys                                                        ; --            ; problema1_mm_interconnect_0_cmd_xbar_mux                     ; --         ;
; IP_TOOL_ENV                         ; Qsys                                                        ; --            ; problema1_mm_interconnect_0_id_router                        ; --         ;
; IP_TOOL_ENV                         ; Qsys                                                        ; --            ; problema1_mm_interconnect_0_rsp_xbar_demux                   ; --         ;
; IP_TOOL_ENV                         ; Qsys                                                        ; --            ; problema1_mm_interconnect_0_rsp_xbar_mux                     ; --         ;
; IP_TOOL_ENV                         ; Qsys                                                        ; --            ; problema1_processor                                          ; --         ;
; IP_TOOL_ENV                         ; Qsys                                                        ; --            ; problema1_processor_custom_instruction_master_multi_xconnect ; --         ;
; IP_TOOL_NAME                        ; altera_avalon_sc_fifo                                       ; --            ; altera_avalon_sc_fifo                                        ; --         ;
; IP_TOOL_NAME                        ; altera_customins_master_translator                          ; --            ; altera_customins_master_translator                           ; --         ;
; IP_TOOL_NAME                        ; altera_customins_slave_translator                           ; --            ; altera_customins_slave_translator                            ; --         ;
; IP_TOOL_NAME                        ; altera_merlin_master_agent                                  ; --            ; altera_merlin_master_agent                                   ; --         ;
; IP_TOOL_NAME                        ; altera_merlin_master_translator                             ; --            ; altera_merlin_master_translator                              ; --         ;
; IP_TOOL_NAME                        ; altera_merlin_slave_agent                                   ; --            ; altera_merlin_slave_agent                                    ; --         ;
; IP_TOOL_NAME                        ; altera_merlin_slave_translator                              ; --            ; altera_merlin_slave_translator                               ; --         ;
; IP_TOOL_NAME                        ; altera_reset_controller                                     ; --            ; altera_reset_controller                                      ; --         ;
; IP_TOOL_NAME                        ; Qsys                                                        ; --            ; --                                                           ; --         ;
; IP_TOOL_NAME                        ; altera_avalon_pio                                           ; --            ; problema1_AD0                                                ; --         ;
; IP_TOOL_NAME                        ; altera_avalon_pio                                           ; --            ; problema1_YPlayer1                                           ; --         ;
; IP_TOOL_NAME                        ; altera_avalon_pio                                           ; --            ; problema1_button                                             ; --         ;
; IP_TOOL_NAME                        ; altera_avalon_pio                                           ; --            ; problema1_endframe                                           ; --         ;
; IP_TOOL_NAME                        ; altera_irq_mapper                                           ; --            ; problema1_irq_mapper                                         ; --         ;
; IP_TOOL_NAME                        ; altera_avalon_jtag_uart                                     ; --            ; problema1_jtag                                               ; --         ;
; IP_TOOL_NAME                        ; altera_avalon_onchip_memory2                                ; --            ; problema1_memory                                             ; --         ;
; IP_TOOL_NAME                        ; altera_merlin_interconnect_wrapper                          ; --            ; problema1_mm_interconnect_0                                  ; --         ;
; IP_TOOL_NAME                        ; altera_merlin_router                                        ; --            ; problema1_mm_interconnect_0_addr_router                      ; --         ;
; IP_TOOL_NAME                        ; altera_merlin_demultiplexer                                 ; --            ; problema1_mm_interconnect_0_cmd_xbar_demux                   ; --         ;
; IP_TOOL_NAME                        ; altera_merlin_multiplexer                                   ; --            ; problema1_mm_interconnect_0_cmd_xbar_mux                     ; --         ;
; IP_TOOL_NAME                        ; altera_merlin_router                                        ; --            ; problema1_mm_interconnect_0_id_router                        ; --         ;
; IP_TOOL_NAME                        ; altera_merlin_demultiplexer                                 ; --            ; problema1_mm_interconnect_0_rsp_xbar_demux                   ; --         ;
; IP_TOOL_NAME                        ; altera_merlin_multiplexer                                   ; --            ; problema1_mm_interconnect_0_rsp_xbar_mux                     ; --         ;
; IP_TOOL_NAME                        ; altera_nios2_qsys                                           ; --            ; problema1_processor                                          ; --         ;
; IP_TOOL_NAME                        ; altera_customins_xconnect                                   ; --            ; problema1_processor_custom_instruction_master_multi_xconnect ; --         ;
; IP_TOOL_VERSION                     ; 13.1                                                        ; --            ; altera_avalon_sc_fifo                                        ; --         ;
; IP_TOOL_VERSION                     ; 13.1                                                        ; --            ; altera_customins_master_translator                           ; --         ;
; IP_TOOL_VERSION                     ; 13.1                                                        ; --            ; altera_customins_slave_translator                            ; --         ;
; IP_TOOL_VERSION                     ; 13.1                                                        ; --            ; altera_merlin_master_agent                                   ; --         ;
; IP_TOOL_VERSION                     ; 13.1                                                        ; --            ; altera_merlin_master_translator                              ; --         ;
; IP_TOOL_VERSION                     ; 13.1                                                        ; --            ; altera_merlin_slave_agent                                    ; --         ;
; IP_TOOL_VERSION                     ; 13.1                                                        ; --            ; altera_merlin_slave_translator                               ; --         ;
; IP_TOOL_VERSION                     ; 13.1                                                        ; --            ; altera_reset_controller                                      ; --         ;
; IP_TOOL_VERSION                     ; 13.1                                                        ; --            ; --                                                           ; --         ;
; IP_TOOL_VERSION                     ; 13.1                                                        ; --            ; problema1_AD0                                                ; --         ;
; IP_TOOL_VERSION                     ; 13.1                                                        ; --            ; problema1_YPlayer1                                           ; --         ;
; IP_TOOL_VERSION                     ; 13.1                                                        ; --            ; problema1_button                                             ; --         ;
; IP_TOOL_VERSION                     ; 13.1                                                        ; --            ; problema1_endframe                                           ; --         ;
; IP_TOOL_VERSION                     ; 13.1                                                        ; --            ; problema1_irq_mapper                                         ; --         ;
; IP_TOOL_VERSION                     ; 13.1                                                        ; --            ; problema1_jtag                                               ; --         ;
; IP_TOOL_VERSION                     ; 13.1                                                        ; --            ; problema1_memory                                             ; --         ;
; IP_TOOL_VERSION                     ; 13.1                                                        ; --            ; problema1_mm_interconnect_0                                  ; --         ;
; IP_TOOL_VERSION                     ; 13.1                                                        ; --            ; problema1_mm_interconnect_0_addr_router                      ; --         ;
; IP_TOOL_VERSION                     ; 13.1                                                        ; --            ; problema1_mm_interconnect_0_cmd_xbar_demux                   ; --         ;
; IP_TOOL_VERSION                     ; 13.1                                                        ; --            ; problema1_mm_interconnect_0_cmd_xbar_mux                     ; --         ;
; IP_TOOL_VERSION                     ; 13.1                                                        ; --            ; problema1_mm_interconnect_0_id_router                        ; --         ;
; IP_TOOL_VERSION                     ; 13.1                                                        ; --            ; problema1_mm_interconnect_0_rsp_xbar_demux                   ; --         ;
; IP_TOOL_VERSION                     ; 13.1                                                        ; --            ; problema1_mm_interconnect_0_rsp_xbar_mux                     ; --         ;
; IP_TOOL_VERSION                     ; 13.1                                                        ; --            ; problema1_processor                                          ; --         ;
; IP_TOOL_VERSION                     ; 13.1                                                        ; --            ; problema1_processor_custom_instruction_master_multi_xconnect ; --         ;
; MAX_CORE_JUNCTION_TEMP              ; 85                                                          ; --            ; --                                                           ; --         ;
; MIN_CORE_JUNCTION_TEMP              ; 0                                                           ; --            ; --                                                           ; --         ;
; MISC_FILE                           ; problema1/synthesis/../../problema1.cmp                     ; --            ; --                                                           ; --         ;
; MISC_FILE                           ; problema1/synthesis/../../problema1.qsys                    ; --            ; --                                                           ; --         ;
; NOMINAL_CORE_SUPPLY_VOLTAGE         ; 1.2V                                                        ; --            ; --                                                           ; --         ;
; PARTITION_COLOR                     ; 16764057                                                    ; --            ; TopLevel                                                     ; Top        ;
; PARTITION_FITTER_PRESERVATION_LEVEL ; PLACEMENT_AND_ROUTING                                       ; --            ; TopLevel                                                     ; Top        ;
; PARTITION_NETLIST_TYPE              ; SOURCE                                                      ; --            ; TopLevel                                                     ; Top        ;
; POWER_BOARD_THERMAL_MODEL           ; None (CONSERVATIVE)                                         ; --            ; --                                                           ; --         ;
; POWER_PRESET_COOLING_SOLUTION       ; 23 MM HEAT SINK WITH 200 LFPM AIRFLOW                       ; --            ; --                                                           ; --         ;
; PROJECT_OUTPUT_DIRECTORY            ; output_files                                                ; --            ; --                                                           ; --         ;
; SLD_FILE                            ; problema1/synthesis/problema1.regmap                        ; --            ; --                                                           ; --         ;
; SLD_FILE                            ; problema1/synthesis/problema1.debuginfo                     ; --            ; --                                                           ; --         ;
; SLD_INFO                            ; QSYS_NAME problema1 HAS_SOPCINFO 1 GENERATION_ID 1568440997 ; --            ; --                                                           ; --         ;
; SOPCINFO_FILE                       ; problema1/synthesis/../../problema1.sopcinfo                ; --            ; --                                                           ; --         ;
; SYNTHESIS_ONLY_QIP                  ; On                                                          ; --            ; --                                                           ; --         ;
; TOP_LEVEL_ENTITY                    ; TopLevel                                                    ; problema1     ; --                                                           ; --         ;
+-------------------------------------+-------------------------------------------------------------+---------------+--------------------------------------------------------------+------------+


+-------------------------------------------------------------------------------------------------------------------------------+
; Flow Elapsed Time                                                                                                             ;
+---------------------------+--------------+-------------------------+---------------------+------------------------------------+
; Module Name               ; Elapsed Time ; Average Processors Used ; Peak Virtual Memory ; Total CPU Time (on all processors) ;
+---------------------------+--------------+-------------------------+---------------------+------------------------------------+
; Analysis & Synthesis      ; 00:00:22     ; 1.0                     ; 4772 MB             ; 00:00:20                           ;
; Fitter                    ; 00:00:33     ; 1.1                     ; 5263 MB             ; 00:00:31                           ;
; Assembler                 ; 00:00:07     ; 1.0                     ; 4617 MB             ; 00:00:06                           ;
; TimeQuest Timing Analyzer ; 00:00:11     ; 1.0                     ; 4715 MB             ; 00:00:09                           ;
; Total                     ; 00:01:13     ; --                      ; --                  ; 00:01:06                           ;
+---------------------------+--------------+-------------------------+---------------------+------------------------------------+


+----------------------------------------------------------------------------------------+
; Flow OS Summary                                                                        ;
+---------------------------+------------------+-----------+------------+----------------+
; Module Name               ; Machine Hostname ; OS Name   ; OS Version ; Processor type ;
+---------------------------+------------------+-----------+------------+----------------+
; Analysis & Synthesis      ; DESKTOP-123FDON  ; Windows 7 ; 6.2        ; x86_64         ;
; Fitter                    ; DESKTOP-123FDON  ; Windows 7 ; 6.2        ; x86_64         ;
; Assembler                 ; DESKTOP-123FDON  ; Windows 7 ; 6.2        ; x86_64         ;
; TimeQuest Timing Analyzer ; DESKTOP-123FDON  ; Windows 7 ; 6.2        ; x86_64         ;
+---------------------------+------------------+-----------+------------+----------------+


------------
; Flow Log ;
------------
quartus_map --read_settings_files=on --write_settings_files=off problema1 -c problema1
quartus_fit --read_settings_files=off --write_settings_files=off problema1 -c problema1
quartus_asm --read_settings_files=off --write_settings_files=off problema1 -c problema1
quartus_sta problema1 -c problema1



